2026-08-23 18:13:46,361:    DEBUG: matrix-commander: Debug is turned on. debug count=1
2026-08-23 18:13:46,362:    DEBUG: matrix-commander: Separator is set to "    " of length 4. E.g. Col1    Col2.
2026-08-23 18:13:46,362:    DEBUG: matrix-commander: Encryption is always enabled. It cannot be turned off. Use --tail to disable it for specific use cases.
2026-08-23 18:13:46,362:    DEBUG: matrix-commander: Option --sync is set to full.
2026-08-23 18:13:46,362:    DEBUG: matrix-commander: All arguments are valid. All checks passed.
2026-08-23 18:13:46,363:    DEBUG: matrix-commander: Create directory /root/.run for PID file.
2026-08-23 18:13:46,363:    DEBUG: matrix-commander: Trying to create a PID file to store process id 1.
2026-08-23 18:13:46,363:    DEBUG: matrix-commander: Successfully created PID file "/root/.run/matrix-commander.817dcd5e-1a95-43d3-89e6-28464fc2afb7.pid" to store process id 1.
2026-08-23 18:13:46,364:    DEBUG: matrix-commander: Python version is "3.11.6 (main, Oct  3 2023, 00:00:00) [GCC 12.3.1 20230508 (Red Hat 12.3.1-1)]"
2026-08-23 18:13:46,364:    DEBUG: matrix-commander: Stdin pipe is assigned to "none".
2026-08-23 18:13:46,364:    DEBUG: matrix-commander: SSL will be used. Default SSL certificate validation will be done for this connection.
2026-08-23 18:13:46,365:    DEBUG: matrix-commander: Credentials file was specified with full path. So we suggest that one. file: /data/credentials.json
2026-08-23 18:13:46,365:    DEBUG: matrix-commander: Store directory "/data/store" was specified by user, it is a directory with a path, but the directory does not exist. 
2026-08-23 18:13:46,365:    DEBUG: matrix-commander: Store directory was not found anywhere. Hence, we will suggest "/data/store" (local directory) as store directory.
2026-08-23 18:13:46,365:    DEBUG: matrix-commander: --login has chosen password method for authentication
2026-08-23 18:13:46,365:     INFO: matrix-commander: The provided login data is: homeserver='http://localhost:80'
2026-08-23 18:13:46,366:     INFO: matrix-commander:                             user id='@alice:localhost'
2026-08-23 18:13:46,366:     INFO: matrix-commander:                             device name='demo'
2026-08-23 18:13:46,366:     INFO: matrix-commander:                             room id='!placeholder:localhost'
2026-08-23 18:13:46,383:    ERROR: matrix-commander: E248: The program matrix-commander.py failed. Sorry.
2026-08-23 18:13:46,383:    DEBUG: matrix-commander: Cleanup: cleaning up.
2026-08-23 18:13:46,396:    ERROR: matrix-commander: 404, message='Not Found', url='http://localhost/_matrix/client/r0/login'
Here is the traceback.
Traceback (most recent call last):
  File "/app/matrix_commander/matrix_commander.py", line 10325, in main
    main_inner(argv)
  File "/app/matrix_commander/matrix_commander.py", line 10274, in main_inner
    asyncio.run(async_main())  # do everything in the event loop
    ^^^^^^^^^^^^^^^^^^^^^^^^^
  File "/usr/lib64/python3.11/asyncio/runners.py", line 190, in run
    return runner.run(main)
           ^^^^^^^^^^^^^^^^
  File "/usr/lib64/python3.11/asyncio/runners.py", line 118, in run
    return self._loop.run_until_complete(task)
           ^^^^^^^^^^^^^^^^^^^^^^^^^^^^^^^^^^^
  File "/usr/lib64/python3.11/asyncio/base_events.py", line 653, in run_until_complete
    return future.result()
           ^^^^^^^^^^^^^^^
  File "/app/matrix_commander/matrix_commander.py", line 7267, in async_main
    await action_login()  # explicit login
    ^^^^^^^^^^^^^^^^^^^^
  File "/app/matrix_commander/matrix_commander.py", line 7040, in action_login
    async with session.get(
  File "/usr/local/lib64/python3.11/site-packages/aiohttp/client.py", line 1683, in __aenter__
    self._resp: _RetType_co = await self._coro
                              ^^^^^^^^^^^^^^^^
  File "/usr/local/lib64/python3.11/site-packages/aiohttp/client.py", line 997, in _request
    resp.raise_for_status()
  File "/usr/local/lib64/python3.11/site-packages/aiohttp/client_reqrep.py", line 655, in raise_for_status
    raise ClientResponseError(
aiohttp.client_exceptions.ClientResponseError: 404, message='Not Found', url='http://localhost/_matrix/client/r0/login'

2026-08-23 18:13:46,397:     INFO: matrix-commander: 2 errors and 0 warnings occurred.
